ok 42
err not a number: x
value is 42
failed with not a number: y (15)
two
value is 42
failed with not a number: y (15)
two
value is 42
failed with not a number: y (15)
two
value is 42
failed with not a number: y (15)
two
value is 42
failed with not a number: y (15)
two
value is 42
failed with not a number: y (15)
two
value is 42
failed with not a number: y (15)
two
value is 42
failed with not a number: y (15)
two
value is 42
failed with not a number: y (15)
two
value is 42
failed with not a number: y (15)
two
value is 42
failed with not a number: y (15)
two
value is 42
failed with not a number: y (15)
two
value is 42
failed with not a number: y (15)
two
value is 42
failed with not a number: y (15)
two
value is 42
failed with not a number: y (15)
two
value is 42
failed with not a number: y (15)
two
value is 42
failed with not a number: y (15)
two
value is 42
failed with not a number: y (15)
two
value is 42
failed with not a number: y (15)
two
value is 42
failed with not a number: y (15)
two
number
error
12
