abcd
abcd
abcd
abcd
abcd
abcd
abcd
abcd
abcd
abcd
abcd
abcd
abcd
abcd
abcd
abcd
abcd
abcd
abcd
abcd
abcd
abcd
abcd
abcd
abcd
abcd
abcd
abcd
abcd
abcd
abcd
abcd
abcd
abcd
abcd
abcd
abcd
abcd
abcd
abcd
abcd
abcd
abcd
abcd
abcd
abcd
abcd
abcd
abcd
abcd
xx
xx
xx
xx
xx
xx
xx
xx
xx
xx
xx
xx
xx
xx
xx
xx
xx
xx
xx
xx
xx
xx
xx
xx
xx
xx
xx
xx
xx
xx
xx
xx
xx
xx
xx
xx
xx
xx
xx
xx
xx
xx
xx
xx
xx
xx
xx
xx
xx
xx
yyyy
keepkeep
8
original
original
true
original
qq
qq
qq
qq
qq
qq
qq
qq
qq
qq
qq
qq
qq
qq
qq
qq
qq
qq
qq
qq
qq
qq
qq
qq
qq
qq
qq
qq
qq
qq
qq
qq
qq
qq
qq
qq
qq
qq
qq
qq
qq
qq
qq
qq
qq
qq
qq
qq
qq
qq
qq
qq
qq
qq
qq
qq
qq
qq
qq
qq
qq
qq
qq
qq
qq
qq
qq
qq
qq
qq
qq
qq
qq
qq
qq
qq
qq
qq
qq
qq
qq
qq
qq
qq
qq
qq
qq
qq
qq
qq
qq
qq
qq
qq
qq
qq
qq
qq
qq
qq
qq
qq
qq
qq
qq
qq
qq
qq
qq
qq
qq
qq
qq
qq
qq
qq
qq
qq
qq
qq
qq
qq
qq
qq
qq
qq
qq
qq
qq
qq
qq
qq
qq
qq
qq
qq
qq
qq
qq
qq
qq
qq
qq
qq
qq
qq
qq
qq
qq
qq
qq
qq
qq
qq
qq
qq
qq
qq
qq
qq
qq
qq
qq
qq
qq
qq
qq
qq
qq
qq
qq
qq
qq
qq
qq
qq
qq
qq
qq
qq
qq
qq
qq
qq
qq
qq
qq
qq
qq
qq
qq
qq
qq
qq
qq
qq
qq
qq
qq
qq
200
pospos
negneg
taken
taken2
taken3
nono
alsoalso
3
abcdef
